Component: ARM Compiler 5.06 update 6 (build 750) Tool: armlink [4d35ed]

==============================================================================

Section Cross References

    main.o(i.KEY) refers to main.o(i.draw_page1) for draw_page1
    main.o(i.KEY) refers to main.o(i.draw_page2) for draw_page2
    main.o(i.KEY) refers to main.o(i.draw_page3_search) for draw_page3_search
    main.o(i.KEY) refers to main.o(i.draw_page3_result) for draw_page3_result
    main.o(i.KEY) refers to main.o(i.draw_page4) for draw_page4
    main.o(i.KEY) refers to main.o(i.draw_page5) for draw_page5
    main.o(i.KEY) refers to main.o(i.draw_page6) for draw_page6
    main.o(i.KEY) refers to main.o(i.draw_homepage) for draw_homepage
    main.o(i.KEY) refers to spi.o(i.MSI001_Frequency_calc) for MSI001_Frequency_calc
    main.o(i.KEY) refers to spi.o(i.SPI_Sent) for SPI_Sent
    main.o(i.KEY) refers to code_def.o(i.Delay) for Delay
    main.o(i.KEY) refers to tube.o(i.TubeShow) for TubeShow
    main.o(i.KEY) refers to main.o(i.draw_page3_zero) for draw_page3_zero
    main.o(i.KEY) refers to main.o(.data) for mode
    main.o(i.KEY) refers to main.o(.bss) for search_result
    main.o(i.KEY) refers to i2c.o(i.QN8027_Frequency_calc) for QN8027_Frequency_calc
    main.o(i.KEY) refers to i2c.o(i.I2C_Sent) for I2C_Sent
    main.o(i.KEY) refers to ethernet.o(i.ENET_TX_EN) for ENET_TX_EN
    main.o(i.KEY) refers to ledwater.o(i.LEDWATER) for LEDWATER
    main.o(i.draw_homepage) refers to code_def.o(i.Delay) for Delay
    main.o(i.draw_homepage) refers to lcd.o(i.LCD_clear) for LCD_clear
    main.o(i.draw_homepage) refers to lcd.o(i.Draw_pic) for Draw_pic
    main.o(i.draw_homepage) refers to main.o(.constdata) for letter_P
    main.o(i.draw_page1) refers to code_def.o(i.Delay) for Delay
    main.o(i.draw_page1) refers to lcd.o(i.LCD_clear) for LCD_clear
    main.o(i.draw_page1) refers to lcd.o(i.Draw_pic) for Draw_pic
    main.o(i.draw_page1) refers to main.o(.constdata) for letter_P
    main.o(i.draw_page2) refers to code_def.o(i.Delay) for Delay
    main.o(i.draw_page2) refers to lcd.o(i.LCD_clear) for LCD_clear
    main.o(i.draw_page2) refers to lcd.o(i.Draw_pic) for Draw_pic
    main.o(i.draw_page2) refers to main.o(.constdata) for letter_P
    main.o(i.draw_page3_result) refers to code_def.o(i.Delay) for Delay
    main.o(i.draw_page3_result) refers to lcd.o(i.LCD_clear) for LCD_clear
    main.o(i.draw_page3_result) refers to aeabi_sdiv.o(.text) for __aeabi_uidivmod
    main.o(i.draw_page3_result) refers to main.o(i.__ARM_common_switch8) for __ARM_common_switch8
    main.o(i.draw_page3_result) refers to lcd.o(i.Draw_pic) for Draw_pic
    main.o(i.draw_page3_result) refers to main.o(.constdata) for letter_0
    main.o(i.draw_page3_search) refers to code_def.o(i.Delay) for Delay
    main.o(i.draw_page3_search) refers to lcd.o(i.LCD_clear) for LCD_clear
    main.o(i.draw_page3_search) refers to lcd.o(i.Draw_pic) for Draw_pic
    main.o(i.draw_page3_search) refers to main.o(.constdata) for letter_S
    main.o(i.draw_page3_zero) refers to lcd.o(i.Draw_pic) for Draw_pic
    main.o(i.draw_page3_zero) refers to main.o(.constdata) for letter_0
    main.o(i.draw_page4) refers to code_def.o(i.Delay) for Delay
    main.o(i.draw_page4) refers to lcd.o(i.LCD_clear) for LCD_clear
    main.o(i.draw_page4) refers to lcd.o(i.Draw_pic) for Draw_pic
    main.o(i.draw_page4) refers to main.o(.constdata) for letter_P
    main.o(i.draw_page5) refers to code_def.o(i.Delay) for Delay
    main.o(i.draw_page5) refers to lcd.o(i.LCD_clear) for LCD_clear
    main.o(i.draw_page5) refers to lcd.o(i.Draw_pic) for Draw_pic
    main.o(i.draw_page5) refers to main.o(.constdata) for letter_E
    main.o(i.draw_page6) refers to code_def.o(i.Delay) for Delay
    main.o(i.draw_page6) refers to lcd.o(i.LCD_clear) for LCD_clear
    main.o(i.draw_page6) refers to lcd.o(i.Draw_pic) for Draw_pic
    main.o(i.draw_page6) refers to main.o(.constdata) for letter_L
    main.o(i.main) refers to spi.o(i.MSI001_Frequency_calc) for MSI001_Frequency_calc
    main.o(i.main) refers to spi.o(i.SPI_Sent) for SPI_Sent
    main.o(i.main) refers to code_def.o(i.Delay) for Delay
    main.o(i.main) refers to tube.o(i.TubeShow) for TubeShow
    main.o(i.main) refers to lcd.o(i.LCD_init) for LCD_init
    main.o(i.main) refers to main.o(i.draw_homepage) for draw_homepage
    main.o(i.main) refers to main.o(i.draw_page3_result) for draw_page3_result
    main.o(i.main) refers to main.o(.data) for station_now
    main.o(i.main) refers to main.o(.bss) for search_result
    startup_cmsdk_cm0.o(STACK) refers (Special) to heapauxi.o(.text) for __use_two_region_memory
    startup_cmsdk_cm0.o(HEAP) refers (Special) to heapauxi.o(.text) for __use_two_region_memory
    startup_cmsdk_cm0.o(RESET) refers (Special) to heapauxi.o(.text) for __use_two_region_memory
    startup_cmsdk_cm0.o(RESET) refers to startup_cmsdk_cm0.o(STACK) for __initial_sp
    startup_cmsdk_cm0.o(RESET) refers to startup_cmsdk_cm0.o(.text) for Reset_Handler
    startup_cmsdk_cm0.o(.text) refers (Special) to heapauxi.o(.text) for __use_two_region_memory
    startup_cmsdk_cm0.o(.text) refers to main.o(i.KEY) for KEY
    startup_cmsdk_cm0.o(.text) refers to main.o(i.Timer_IRQ) for Timer_IRQ
    startup_cmsdk_cm0.o(.text) refers to main.o(i.UARTRX_IRQ) for UARTRX_IRQ
    startup_cmsdk_cm0.o(.text) refers to __main.o(!!!main) for __main
    startup_cmsdk_cm0.o(.text) refers to startup_cmsdk_cm0.o(HEAP) for Heap_Mem
    startup_cmsdk_cm0.o(.text) refers to startup_cmsdk_cm0.o(STACK) for Stack_Mem
    lcd.o(i.LCD_clear) refers to lcd.o(.constdata) for clear
    game.o(i.GameInit) refers to game.o(.data) for ObjectMemSize
    game.o(i.GameInit) refers to game.o(.bss) for MemTab
    game.o(i.Ofree) refers to aeabi_sdiv.o(.text) for __aeabi_uidivmod
    game.o(i.Ofree) refers to game.o(.data) for ObjectMemSize
    game.o(i.Ofree) refers to game.o(.bss) for MemTab
    game.o(i.Omalloc) refers to game.o(.data) for MemTabCursor
    game.o(i.Omalloc) refers to game.o(.bss) for MemTab
    spi.o(i.MSI001_Frequency_calc) refers to aeabi_sdiv.o(.text) for __aeabi_idivmod
    spi.o(i.MSI001_Frequency_calc) refers to fflti.o(.text) for __aeabi_i2f
    spi.o(i.MSI001_Frequency_calc) refers to fdiv.o(.text) for __aeabi_fdiv
    spi.o(i.MSI001_Frequency_calc) refers to faddsub.o(x$fpl$fsub) for __aeabi_fsub
    spi.o(i.MSI001_Frequency_calc) refers to fmul.o(x$fpl$fmul) for __aeabi_fmul
    spi.o(i.MSI001_Frequency_calc) refers to f2d.o(.text) for __aeabi_f2d
    spi.o(i.MSI001_Frequency_calc) refers to dmul.o(.text) for __aeabi_dmul
    spi.o(i.MSI001_Frequency_calc) refers to daddsub.o(.text) for __aeabi_dadd
    spi.o(i.MSI001_Frequency_calc) refers to dfixi.o(.text) for __aeabi_d2iz
    tube.o(i.TubeShow) refers to aeabi_sdiv.o(.text) for __aeabi_uidivmod
    tube.o(i.TubeShowHigh) refers to aeabi_sdiv.o(.text) for __aeabi_idivmod
    tube.o(i.TubeShowLow) refers to aeabi_sdiv.o(.text) for __aeabi_idivmod
    i2c.o(i.QN8027_Frequency_calc) refers to fflti.o(.text) for __aeabi_ui2f
    i2c.o(i.QN8027_Frequency_calc) refers to f2d.o(.text) for __aeabi_f2d
    i2c.o(i.QN8027_Frequency_calc) refers to ddiv.o(.text) for __aeabi_ddiv
    i2c.o(i.QN8027_Frequency_calc) refers to daddsub.o(.text) for __aeabi_dadd
    i2c.o(i.QN8027_Frequency_calc) refers to dfixi.o(.text) for __aeabi_d2iz
    __main.o(!!!main) refers to __rtentry.o(.ARM.Collect$$rtentry$$00000000) for __rt_entry
    daddsub.o(.text) refers (Special) to usenofp.o(x$fpl$usenofp) for __I$use$fp
    ddiv.o(.text) refers (Special) to usenofp.o(x$fpl$usenofp) for __I$use$fp
    ddiv.o(.text) refers to ddiv.o(.constdata) for .constdata
    ddiv.o(.constdata) refers (Special) to usenofp.o(x$fpl$usenofp) for __I$use$fp
    dfixi.o(.text) refers (Special) to usenofp.o(x$fpl$usenofp) for __I$use$fp
    dmul.o(.text) refers (Special) to usenofp.o(x$fpl$usenofp) for __I$use$fp
    f2d.o(.text) refers (Special) to usenofp.o(x$fpl$usenofp) for __I$use$fp
    faddsub.o(x$fpl$fadd) refers (Special) to usenofp.o(x$fpl$usenofp) for __I$use$fp
    faddsub.o(x$fpl$fadd) refers to faddsub.o(x$fpl$fsub) for _fsub1
    faddsub.o(x$fpl$frsb) refers (Special) to usenofp.o(x$fpl$usenofp) for __I$use$fp
    faddsub.o(x$fpl$frsb) refers to faddsub.o(x$fpl$fsub) for _fsub1
    faddsub.o(x$fpl$frsb) refers to faddsub.o(x$fpl$fadd) for _fadd1
    faddsub.o(x$fpl$fsub) refers (Special) to usenofp.o(x$fpl$usenofp) for __I$use$fp
    faddsub.o(x$fpl$fsub) refers to faddsub.o(x$fpl$fadd) for _fadd1
    fdiv.o(.text) refers (Special) to usenofp.o(x$fpl$usenofp) for __I$use$fp
    fdiv.o(.text) refers to fdiv.o(.constdata) for .constdata
    fdiv.o(.constdata) refers (Special) to usenofp.o(x$fpl$usenofp) for __I$use$fp
    fflti.o(.text) refers (Special) to usenofp.o(x$fpl$usenofp) for __I$use$fp
    fmul.o(x$fpl$fmul) refers (Special) to usenofp.o(x$fpl$usenofp) for __I$use$fp
    __rtentry.o(.ARM.Collect$$rtentry$$00000000) refers (Special) to __rtentry2.o(.ARM.Collect$$rtentry$$0000000A) for __rt_entry_li
    __rtentry.o(.ARM.Collect$$rtentry$$00000000) refers (Special) to __rtentry2.o(.ARM.Collect$$rtentry$$0000000D) for __rt_entry_main
    __rtentry.o(.ARM.Collect$$rtentry$$00000000) refers (Special) to __rtentry2.o(.ARM.Collect$$rtentry$$0000000C) for __rt_entry_postli_1
    __rtentry.o(.ARM.Collect$$rtentry$$00000000) refers (Special) to __rtentry2.o(.ARM.Collect$$rtentry$$00000009) for __rt_entry_postsh_1
    __rtentry.o(.ARM.Collect$$rtentry$$00000000) refers (Special) to __rtentry2.o(.ARM.Collect$$rtentry$$00000002) for __rt_entry_presh_1
    __rtentry.o(.ARM.Collect$$rtentry$$00000000) refers (Special) to __rtentry4.o(.ARM.Collect$$rtentry$$00000004) for __rt_entry_sh
    aeabi_idiv0_sigfpe.o(.text) refers to rt_div0.o(.text) for __rt_div0
    __rtentry2.o(.ARM.Collect$$rtentry$$00000008) refers to boardinit2.o(.text) for _platform_post_stackheap_init
    __rtentry2.o(.ARM.Collect$$rtentry$$0000000A) refers to libinit.o(.ARM.Collect$$libinit$$00000000) for __rt_lib_init
    __rtentry2.o(.ARM.Collect$$rtentry$$0000000B) refers to boardinit3.o(.text) for _platform_post_lib_init
    __rtentry2.o(.ARM.Collect$$rtentry$$0000000D) refers to main.o(i.main) for main
    __rtentry2.o(.ARM.Collect$$rtentry$$0000000D) refers to exit.o(.text) for exit
    __rtentry2.o(.ARM.exidx) refers to __rtentry2.o(.ARM.Collect$$rtentry$$00000001) for .ARM.Collect$$rtentry$$00000001
    __rtentry2.o(.ARM.exidx) refers to __rtentry2.o(.ARM.Collect$$rtentry$$00000008) for .ARM.Collect$$rtentry$$00000008
    __rtentry2.o(.ARM.exidx) refers to __rtentry2.o(.ARM.Collect$$rtentry$$0000000A) for .ARM.Collect$$rtentry$$0000000A
    __rtentry2.o(.ARM.exidx) refers to __rtentry2.o(.ARM.Collect$$rtentry$$0000000B) for .ARM.Collect$$rtentry$$0000000B
    __rtentry2.o(.ARM.exidx) refers to __rtentry2.o(.ARM.Collect$$rtentry$$0000000D) for .ARM.Collect$$rtentry$$0000000D
    __rtentry4.o(.ARM.Collect$$rtentry$$00000004) refers to sys_stackheap_outer.o(.text) for __user_setup_stackheap
    __rtentry4.o(.ARM.exidx) refers to __rtentry4.o(.ARM.Collect$$rtentry$$00000004) for .ARM.Collect$$rtentry$$00000004
    rt_div0.o(.text) refers to defsig_fpe_outer.o(.text) for __rt_SIGFPE
    sys_stackheap_outer.o(.text) refers to libspace.o(.text) for __user_perproc_libspace
    sys_stackheap_outer.o(.text) refers to startup_cmsdk_cm0.o(.text) for __user_initial_stackheap
    sys_stackheap_outer.o(__vectab_stack_and_reset_area) refers to tempstk.o(.text) for __temporary_stack_top
    sys_stackheap_outer.o(__vectab_stack_and_reset_area) refers to __main.o(!!!main) for __main
    exit.o(.text) refers to rtexit.o(.ARM.Collect$$rtexit$$00000000) for __rt_exit
    defsig_fpe_outer.o(.text) refers to defsig_fpe_inner.o(.text) for __rt_SIGFPE_inner
    defsig_fpe_outer.o(.text) refers to defsig_exit.o(.text) for __sig_exit
    defsig_fpe_formal.o(.text) refers to rt_raise.o(.text) for __rt_raise
    libinit.o(.ARM.Collect$$libinit$$00000000) refers (Special) to libinit2.o(.ARM.Collect$$libinit$$0000002E) for __rt_lib_init_alloca_1
    libinit.o(.ARM.Collect$$libinit$$00000000) refers (Special) to libinit2.o(.ARM.Collect$$libinit$$0000002C) for __rt_lib_init_argv_1
    libinit.o(.ARM.Collect$$libinit$$00000000) refers (Special) to libinit2.o(.ARM.Collect$$libinit$$0000001B) for __rt_lib_init_atexit_1
    libinit.o(.ARM.Collect$$libinit$$00000000) refers (Special) to libinit2.o(.ARM.Collect$$libinit$$00000021) for __rt_lib_init_clock_1
    libinit.o(.ARM.Collect$$libinit$$00000000) refers (Special) to libinit2.o(.ARM.Collect$$libinit$$00000032) for __rt_lib_init_cpp_1
    libinit.o(.ARM.Collect$$libinit$$00000000) refers (Special) to libinit2.o(.ARM.Collect$$libinit$$00000030) for __rt_lib_init_exceptions_1
    libinit.o(.ARM.Collect$$libinit$$00000000) refers (Special) to libinit2.o(.ARM.Collect$$libinit$$00000002) for __rt_lib_init_fp_1
    libinit.o(.ARM.Collect$$libinit$$00000000) refers (Special) to libinit2.o(.ARM.Collect$$libinit$$0000001F) for __rt_lib_init_fp_trap_1
    libinit.o(.ARM.Collect$$libinit$$00000000) refers (Special) to libinit2.o(.ARM.Collect$$libinit$$00000023) for __rt_lib_init_getenv_1
    libinit.o(.ARM.Collect$$libinit$$00000000) refers (Special) to libinit2.o(.ARM.Collect$$libinit$$0000000A) for __rt_lib_init_heap_1
    libinit.o(.ARM.Collect$$libinit$$00000000) refers (Special) to libinit2.o(.ARM.Collect$$libinit$$00000011) for __rt_lib_init_lc_collate_1
    libinit.o(.ARM.Collect$$libinit$$00000000) refers (Special) to libinit2.o(.ARM.Collect$$libinit$$00000013) for __rt_lib_init_lc_ctype_1
    libinit.o(.ARM.Collect$$libinit$$00000000) refers (Special) to libinit2.o(.ARM.Collect$$libinit$$00000015) for __rt_lib_init_lc_monetary_1
    libinit.o(.ARM.Collect$$libinit$$00000000) refers (Special) to libinit2.o(.ARM.Collect$$libinit$$00000017) for __rt_lib_init_lc_numeric_1
    libinit.o(.ARM.Collect$$libinit$$00000000) refers (Special) to libinit2.o(.ARM.Collect$$libinit$$00000019) for __rt_lib_init_lc_time_1
    libinit.o(.ARM.Collect$$libinit$$00000000) refers (Special) to libinit2.o(.ARM.Collect$$libinit$$00000004) for __rt_lib_init_preinit_1
    libinit.o(.ARM.Collect$$libinit$$00000000) refers (Special) to libinit2.o(.ARM.Collect$$libinit$$0000000E) for __rt_lib_init_rand_1
    libinit.o(.ARM.Collect$$libinit$$00000000) refers (Special) to libinit2.o(.ARM.Collect$$libinit$$00000033) for __rt_lib_init_return
    libinit.o(.ARM.Collect$$libinit$$00000000) refers (Special) to libinit2.o(.ARM.Collect$$libinit$$0000001D) for __rt_lib_init_signal_1
    libinit.o(.ARM.Collect$$libinit$$00000000) refers (Special) to libinit2.o(.ARM.Collect$$libinit$$00000025) for __rt_lib_init_stdio_1
    libinit.o(.ARM.Collect$$libinit$$00000000) refers (Special) to libinit2.o(.ARM.Collect$$libinit$$0000000C) for __rt_lib_init_user_alloc_1
    libspace.o(.text) refers to libspace.o(.bss) for __libspace_start
    rtexit.o(.ARM.Collect$$rtexit$$00000000) refers (Special) to rtexit2.o(.ARM.Collect$$rtexit$$00000004) for __rt_exit_exit
    rtexit.o(.ARM.Collect$$rtexit$$00000000) refers (Special) to rtexit2.o(.ARM.Collect$$rtexit$$00000003) for __rt_exit_ls
    rtexit.o(.ARM.Collect$$rtexit$$00000000) refers (Special) to rtexit2.o(.ARM.Collect$$rtexit$$00000002) for __rt_exit_prels_1
    rtexit.o(.ARM.exidx) refers (Special) to rtexit2.o(.ARM.Collect$$rtexit$$00000004) for __rt_exit_exit
    rtexit.o(.ARM.exidx) refers (Special) to rtexit2.o(.ARM.Collect$$rtexit$$00000003) for __rt_exit_ls
    rtexit.o(.ARM.exidx) refers (Special) to rtexit2.o(.ARM.Collect$$rtexit$$00000002) for __rt_exit_prels_1
    rtexit.o(.ARM.exidx) refers to rtexit.o(.ARM.Collect$$rtexit$$00000000) for .ARM.Collect$$rtexit$$00000000
    rt_raise.o(.text) refers to __raise.o(.text) for __raise
    rt_raise.o(.text) refers to sys_exit.o(.text) for _sys_exit
    defsig_exit.o(.text) refers to sys_exit.o(.text) for _sys_exit
    defsig_fpe_inner.o(.text) refers to defsig_general.o(.text) for __default_signal_display
    libinit2.o(.ARM.Collect$$libinit$$00000010) refers to libinit2.o(.ARM.Collect$$libinit$$0000000F) for .ARM.Collect$$libinit$$0000000F
    libinit2.o(.ARM.Collect$$libinit$$00000012) refers to libinit2.o(.ARM.Collect$$libinit$$0000000F) for .ARM.Collect$$libinit$$0000000F
    libinit2.o(.ARM.Collect$$libinit$$00000014) refers to libinit2.o(.ARM.Collect$$libinit$$0000000F) for .ARM.Collect$$libinit$$0000000F
    libinit2.o(.ARM.Collect$$libinit$$00000016) refers to libinit2.o(.ARM.Collect$$libinit$$0000000F) for .ARM.Collect$$libinit$$0000000F
    libinit2.o(.ARM.Collect$$libinit$$00000018) refers to libinit2.o(.ARM.Collect$$libinit$$0000000F) for .ARM.Collect$$libinit$$0000000F
    libinit2.o(.ARM.Collect$$libinit$$00000026) refers to argv_veneer.o(.text) for __ARM_argv_veneer
    libinit2.o(.ARM.Collect$$libinit$$00000027) refers to argv_veneer.o(.text) for __ARM_argv_veneer
    sys_exit.o(.text) refers (Special) to use_no_semi.o(.text) for __I$use$semihosting
    sys_exit.o(.text) refers (Special) to indicate_semi.o(.text) for __semihosting_library_function
    rtexit2.o(.ARM.Collect$$rtexit$$00000003) refers to libshutdown.o(.ARM.Collect$$libshutdown$$00000000) for __rt_lib_shutdown
    rtexit2.o(.ARM.Collect$$rtexit$$00000004) refers to sys_exit.o(.text) for _sys_exit
    rtexit2.o(.ARM.exidx) refers to rtexit2.o(.ARM.Collect$$rtexit$$00000001) for .ARM.Collect$$rtexit$$00000001
    rtexit2.o(.ARM.exidx) refers to rtexit2.o(.ARM.Collect$$rtexit$$00000003) for .ARM.Collect$$rtexit$$00000003
    rtexit2.o(.ARM.exidx) refers to rtexit2.o(.ARM.Collect$$rtexit$$00000004) for .ARM.Collect$$rtexit$$00000004
    __raise.o(.text) refers to defsig.o(CL$$defsig) for __default_signal_handler
    defsig_general.o(.text) refers to sys_wrch.o(.text) for _ttywrch
    sys_wrch.o(.text) refers (Special) to use_no_semi.o(.text) for __I$use$semihosting
    sys_wrch.o(.text) refers (Special) to indicate_semi.o(.text) for __semihosting_library_function
    defsig.o(CL$$defsig) refers to defsig_fpe_inner.o(.text) for __rt_SIGFPE_inner
    defsig.o(CL$$defsig) refers to defsig_rtmem_inner.o(.text) for __rt_SIGRTMEM_inner
    _get_argv_nomalloc.o(.text) refers (Special) to hrguard.o(.text) for __heap_region$guard
    _get_argv_nomalloc.o(.text) refers to defsig_rtmem_outer.o(.text) for __rt_SIGRTMEM
    _get_argv_nomalloc.o(.text) refers to sys_command.o(.text) for _sys_command_string
    libshutdown.o(.ARM.Collect$$libshutdown$$00000000) refers (Special) to libshutdown2.o(.ARM.Collect$$libshutdown$$00000002) for __rt_lib_shutdown_cpp_1
    libshutdown.o(.ARM.Collect$$libshutdown$$00000000) refers (Special) to libshutdown2.o(.ARM.Collect$$libshutdown$$00000007) for __rt_lib_shutdown_fp_trap_1
    libshutdown.o(.ARM.Collect$$libshutdown$$00000000) refers (Special) to libshutdown2.o(.ARM.Collect$$libshutdown$$0000000F) for __rt_lib_shutdown_heap_1
    libshutdown.o(.ARM.Collect$$libshutdown$$00000000) refers (Special) to libshutdown2.o(.ARM.Collect$$libshutdown$$00000010) for __rt_lib_shutdown_return
    libshutdown.o(.ARM.Collect$$libshutdown$$00000000) refers (Special) to libshutdown2.o(.ARM.Collect$$libshutdown$$0000000A) for __rt_lib_shutdown_signal_1
    libshutdown.o(.ARM.Collect$$libshutdown$$00000000) refers (Special) to libshutdown2.o(.ARM.Collect$$libshutdown$$00000004) for __rt_lib_shutdown_stdio_1
    libshutdown.o(.ARM.Collect$$libshutdown$$00000000) refers (Special) to libshutdown2.o(.ARM.Collect$$libshutdown$$0000000C) for __rt_lib_shutdown_user_alloc_1
    sys_command.o(.text) refers (Special) to use_no_semi.o(.text) for __I$use$semihosting
    sys_command.o(.text) refers (Special) to indicate_semi.o(.text) for __semihosting_library_function
    defsig_abrt_inner.o(.text) refers to defsig_general.o(.text) for __default_signal_display
    defsig_rtred_inner.o(.text) refers to defsig_general.o(.text) for __default_signal_display
    defsig_rtmem_inner.o(.text) refers to defsig_general.o(.text) for __default_signal_display
    defsig_rtmem_outer.o(.text) refers to defsig_rtmem_inner.o(.text) for __rt_SIGRTMEM_inner
    defsig_rtmem_outer.o(.text) refers to defsig_exit.o(.text) for __sig_exit
    defsig_rtmem_formal.o(.text) refers to rt_raise.o(.text) for __rt_raise
    defsig_stak_inner.o(.text) refers to defsig_general.o(.text) for __default_signal_display
    defsig_pvfn_inner.o(.text) refers to defsig_general.o(.text) for __default_signal_display
    defsig_cppl_inner.o(.text) refers to defsig_general.o(.text) for __default_signal_display
    defsig_segv_inner.o(.text) refers to defsig_general.o(.text) for __default_signal_display
    defsig_other.o(.text) refers to defsig_general.o(.text) for __default_signal_display


==============================================================================

Removing Unused input sections from the image.

    Removing buzzer.o(i.PlayBGM), (28 bytes).
    Removing buzzer.o(i.PlaySound), (18 bytes).
    Removing buzzer.o(i.ResetBGM), (16 bytes).
    Removing buzzer.o(i.StartBGM), (18 bytes).
    Removing buzzer.o(i.StopBGM), (16 bytes).
    Removing uart.o(i.UART_Init), (24 bytes).
    Removing uart.o(i.UART_getc), (24 bytes).
    Removing uart.o(i.UART_putc), (24 bytes).
    Removing game.o(i.GameInit), (44 bytes).
    Removing game.o(i.Ofree), (40 bytes).
    Removing game.o(i.Omalloc), (60 bytes).
    Removing game.o(.bss), (180 bytes).
    Removing game.o(.data), (8 bytes).
    Removing tube.o(i.TubeClear), (16 bytes).
    Removing tube.o(i.TubeShowHigh), (156 bytes).
    Removing tube.o(i.TubeShowLow), (148 bytes).

16 unused section(s) (total 820 bytes) removed from the image.

==============================================================================

Image Symbol Table

    Local Symbols

    Symbol Name                              Value     Ov Type        Size  Object(Section)

    RESET                                    0x00000000   Section       76  startup_cmsdk_cm0.o(RESET)
    ../clib/angel/boardlib.s                 0x00000000   Number         0  boardinit1.o ABSOLUTE
    ../clib/angel/boardlib.s                 0x00000000   Number         0  boardshut.o ABSOLUTE
    ../clib/angel/boardlib.s                 0x00000000   Number         0  boardinit3.o ABSOLUTE
    ../clib/angel/boardlib.s                 0x00000000   Number         0  boardinit2.o ABSOLUTE
    ../clib/angel/handlers.s                 0x00000000   Number         0  __scatter_zi.o ABSOLUTE
    ../clib/angel/handlers.s                 0x00000000   Number         0  __scatter_copy.o ABSOLUTE
    ../clib/angel/kernel.s                   0x00000000   Number         0  __rtentry4.o ABSOLUTE
    ../clib/angel/kernel.s                   0x00000000   Number         0  __rtentry.o ABSOLUTE
    ../clib/angel/kernel.s                   0x00000000   Number         0  __rtentry2.o ABSOLUTE
    ../clib/angel/kernel.s                   0x00000000   Number         0  rtexit.o ABSOLUTE
    ../clib/angel/kernel.s                   0x00000000   Number         0  rtexit2.o ABSOLUTE
    ../clib/angel/rt.s                       0x00000000   Number         0  rt_div0.o ABSOLUTE
    ../clib/angel/rt.s                       0x00000000   Number         0  aeabi_idiv0.o ABSOLUTE
    ../clib/angel/rt.s                       0x00000000   Number         0  aeabi_idiv0_sigfpe.o ABSOLUTE
    ../clib/angel/rt.s                       0x00000000   Number         0  rt_raise.o ABSOLUTE
    ../clib/angel/scatterp.s                 0x00000000   Number         0  __scatter.o ABSOLUTE
    ../clib/angel/startup.s                  0x00000000   Number         0  __main.o ABSOLUTE
    ../clib/angel/sys.s                      0x00000000   Number         0  sys_stackheap_outer.o ABSOLUTE
    ../clib/angel/sys.s                      0x00000000   Number         0  use_no_semi.o ABSOLUTE
    ../clib/angel/sys.s                      0x00000000   Number         0  indicate_semi.o ABSOLUTE
    ../clib/angel/sys.s                      0x00000000   Number         0  libspace.o ABSOLUTE
    ../clib/angel/sys.s                      0x00000000   Number         0  tempstk.o ABSOLUTE
    ../clib/angel/sysapp.c                   0x00000000   Number         0  sys_wrch.o ABSOLUTE
    ../clib/angel/sysapp.c                   0x00000000   Number         0  sys_command.o ABSOLUTE
    ../clib/angel/sysapp.c                   0x00000000   Number         0  sys_exit.o ABSOLUTE
    ../clib/armsys.c                         0x00000000   Number         0  argv_veneer.o ABSOLUTE
    ../clib/armsys.c                         0x00000000   Number         0  no_argv.o ABSOLUTE
    ../clib/armsys.c                         0x00000000   Number         0  _get_argv_nomalloc.o ABSOLUTE
    ../clib/division.s                       0x00000000   Number         0  aeabi_sdiv.o ABSOLUTE
    ../clib/division.s                       0x00000000   Number         0  aeabi_sdiv_div0.o ABSOLUTE
    ../clib/heapalloc.c                      0x00000000   Number         0  hrguard.o ABSOLUTE
    ../clib/heapaux.c                        0x00000000   Number         0  heapauxi.o ABSOLUTE
    ../clib/libinit.s                        0x00000000   Number         0  libshutdown.o ABSOLUTE
    ../clib/libinit.s                        0x00000000   Number         0  libinit2.o ABSOLUTE
    ../clib/libinit.s                        0x00000000   Number         0  libshutdown2.o ABSOLUTE
    ../clib/libinit.s                        0x00000000   Number         0  libinit.o ABSOLUTE
    ../clib/signal.c                         0x00000000   Number         0  defsig_fpe_formal.o ABSOLUTE
    ../clib/signal.c                         0x00000000   Number         0  defsig_fpe_outer.o ABSOLUTE
    ../clib/signal.c                         0x00000000   Number         0  defsig_rtmem_inner.o ABSOLUTE
    ../clib/signal.c                         0x00000000   Number         0  defsig_fpe_inner.o ABSOLUTE
    ../clib/signal.c                         0x00000000   Number         0  defsig_exit.o ABSOLUTE
    ../clib/signal.c                         0x00000000   Number         0  defsig_cppl_inner.o ABSOLUTE
    ../clib/signal.c                         0x00000000   Number         0  defsig_pvfn_inner.o ABSOLUTE
    ../clib/signal.c                         0x00000000   Number         0  defsig_stak_inner.o ABSOLUTE
    ../clib/signal.c                         0x00000000   Number         0  defsig_rtmem_formal.o ABSOLUTE
    ../clib/signal.c                         0x00000000   Number         0  defsig_rtmem_outer.o ABSOLUTE
    ../clib/signal.c                         0x00000000   Number         0  __raise.o ABSOLUTE
    ../clib/signal.c                         0x00000000   Number         0  defsig_abrt_inner.o ABSOLUTE
    ../clib/signal.c                         0x00000000   Number         0  defsig_rtred_inner.o ABSOLUTE
    ../clib/signal.c                         0x00000000   Number         0  defsig_general.o ABSOLUTE
    ../clib/signal.c                         0x00000000   Number         0  defsig_segv_inner.o ABSOLUTE
    ../clib/signal.c                         0x00000000   Number         0  defsig_other.o ABSOLUTE
    ../clib/signal.s                         0x00000000   Number         0  defsig.o ABSOLUTE
    ../clib/stdlib.c                         0x00000000   Number         0  exit.o ABSOLUTE
    ../fplib/cfplib/daddsub.c                0x00000000   Number         0  daddsub.o ABSOLUTE
    ../fplib/cfplib/ddiv.c                   0x00000000   Number         0  ddiv.o ABSOLUTE
    ../fplib/cfplib/dmul.c                   0x00000000   Number         0  dmul.o ABSOLUTE
    ../fplib/cfplib/f2d.c                    0x00000000   Number         0  f2d.o ABSOLUTE
    ../fplib/cfplib/fdiv.c                   0x00000000   Number         0  fdiv.o ABSOLUTE
    ../fplib/cfplib/ffix.c                   0x00000000   Number         0  dfixi.o ABSOLUTE
    ../fplib/cfplib/fflt.c                   0x00000000   Number         0  fflti.o ABSOLUTE
    ../fplib/cfplib/fpinit.c                 0x00000000   Number         0  fpinit.o ABSOLUTE
    ../fplib/faddsub6m.s                     0x00000000   Number         0  faddsub.o ABSOLUTE
    ../fplib/fmul6m.s                        0x00000000   Number         0  fmul.o ABSOLUTE
    ../fplib/usenofp.s                       0x00000000   Number         0  usenofp.o ABSOLUTE
    ..\src\Driver\Buzzer.c                   0x00000000   Number         0  buzzer.o ABSOLUTE
    ..\src\Driver\Ethernet.c                 0x00000000   Number         0  ethernet.o ABSOLUTE
    ..\src\Driver\I2C.c                      0x00000000   Number         0  i2c.o ABSOLUTE
    ..\src\Driver\LCD.c                      0x00000000   Number         0  lcd.o ABSOLUTE
    ..\src\Driver\SPI.c                      0x00000000   Number         0  spi.o ABSOLUTE
    ..\src\Driver\Timer.c                    0x00000000   Number         0  timer.o ABSOLUTE
    ..\src\Driver\Tube.c                     0x00000000   Number         0  tube.o ABSOLUTE
    ..\src\Driver\UART.c                     0x00000000   Number         0  uart.o ABSOLUTE
    ..\src\Driver\code_def.c                 0x00000000   Number         0  code_def.o ABSOLUTE
    ..\src\Driver\ledwater.c                 0x00000000   Number         0  ledwater.o ABSOLUTE
    ..\src\GameSDK\Game.c                    0x00000000   Number         0  game.o ABSOLUTE
    ..\src\main.c                            0x00000000   Number         0  main.o ABSOLUTE
    ..\src\startup_CMSDK_CM0.s               0x00000000   Number         0  startup_cmsdk_cm0.o ABSOLUTE
    dc.s                                     0x00000000   Number         0  dc.o ABSOLUTE
    !!!main                                  0x0000004c   Section        8  __main.o(!!!main)
    !!!scatter                               0x00000054   Section       60  __scatter.o(!!!scatter)
    !!handler_copy                           0x00000090   Section       26  __scatter_copy.o(!!handler_copy)
    !!handler_zi                             0x000000ac   Section       28  __scatter_zi.o(!!handler_zi)
    .ARM.Collect$$libinit$$00000000          0x000000c8   Section        2  libinit.o(.ARM.Collect$$libinit$$00000000)
    .ARM.Collect$$libinit$$00000002          0x000000ca   Section        0  libinit2.o(.ARM.Collect$$libinit$$00000002)
    .ARM.Collect$$libinit$$00000004          0x000000ca   Section        0  libinit2.o(.ARM.Collect$$libinit$$00000004)
    .ARM.Collect$$libinit$$0000000A          0x000000ca   Section        0  libinit2.o(.ARM.Collect$$libinit$$0000000A)
    .ARM.Collect$$libinit$$0000000C          0x000000ca   Section        0  libinit2.o(.ARM.Collect$$libinit$$0000000C)
    .ARM.Collect$$libinit$$0000000E          0x000000ca   Section        0  libinit2.o(.ARM.Collect$$libinit$$0000000E)
    .ARM.Collect$$libinit$$00000011          0x000000ca   Section        0  libinit2.o(.ARM.Collect$$libinit$$00000011)
    .ARM.Collect$$libinit$$00000013          0x000000ca   Section        0  libinit2.o(.ARM.Collect$$libinit$$00000013)
    .ARM.Collect$$libinit$$00000015          0x000000ca   Section        0  libinit2.o(.ARM.Collect$$libinit$$00000015)
    .ARM.Collect$$libinit$$00000017          0x000000ca   Section        0  libinit2.o(.ARM.Collect$$libinit$$00000017)
    .ARM.Collect$$libinit$$00000019          0x000000ca   Section        0  libinit2.o(.ARM.Collect$$libinit$$00000019)
    .ARM.Collect$$libinit$$0000001B          0x000000ca   Section        0  libinit2.o(.ARM.Collect$$libinit$$0000001B)
    .ARM.Collect$$libinit$$0000001D          0x000000ca   Section        0  libinit2.o(.ARM.Collect$$libinit$$0000001D)
    .ARM.Collect$$libinit$$0000001F          0x000000ca   Section        0  libinit2.o(.ARM.Collect$$libinit$$0000001F)
    .ARM.Collect$$libinit$$00000021          0x000000ca   Section        0  libinit2.o(.ARM.Collect$$libinit$$00000021)
    .ARM.Collect$$libinit$$00000023          0x000000ca   Section        0  libinit2.o(.ARM.Collect$$libinit$$00000023)
    .ARM.Collect$$libinit$$00000025          0x000000ca   Section        0  libinit2.o(.ARM.Collect$$libinit$$00000025)
    .ARM.Collect$$libinit$$0000002C          0x000000ca   Section        0  libinit2.o(.ARM.Collect$$libinit$$0000002C)
    .ARM.Collect$$libinit$$0000002E          0x000000ca   Section        0  libinit2.o(.ARM.Collect$$libinit$$0000002E)
    .ARM.Collect$$libinit$$00000030          0x000000ca   Section        0  libinit2.o(.ARM.Collect$$libinit$$00000030)
    .ARM.Collect$$libinit$$00000032          0x000000ca   Section        0  libinit2.o(.ARM.Collect$$libinit$$00000032)
    .ARM.Collect$$libinit$$00000033          0x000000ca   Section        2  libinit2.o(.ARM.Collect$$libinit$$00000033)
    .ARM.Collect$$libshutdown$$00000000      0x000000cc   Section        2  libshutdown.o(.ARM.Collect$$libshutdown$$00000000)
    .ARM.Collect$$libshutdown$$00000002      0x000000ce   Section        0  libshutdown2.o(.ARM.Collect$$libshutdown$$00000002)
    .ARM.Collect$$libshutdown$$00000004      0x000000ce   Section        0  libshutdown2.o(.ARM.Collect$$libshutdown$$00000004)
    .ARM.Collect$$libshutdown$$00000007      0x000000ce   Section        0  libshutdown2.o(.ARM.Collect$$libshutdown$$00000007)
    .ARM.Collect$$libshutdown$$0000000A      0x000000ce   Section        0  libshutdown2.o(.ARM.Collect$$libshutdown$$0000000A)
    .ARM.Collect$$libshutdown$$0000000C      0x000000ce   Section        0  libshutdown2.o(.ARM.Collect$$libshutdown$$0000000C)
    .ARM.Collect$$libshutdown$$0000000F      0x000000ce   Section        0  libshutdown2.o(.ARM.Collect$$libshutdown$$0000000F)
    .ARM.Collect$$libshutdown$$00000010      0x000000ce   Section        2  libshutdown2.o(.ARM.Collect$$libshutdown$$00000010)
    .ARM.Collect$$rtentry$$00000000          0x000000d0   Section        0  __rtentry.o(.ARM.Collect$$rtentry$$00000000)
    .ARM.Collect$$rtentry$$00000002          0x000000d0   Section        0  __rtentry2.o(.ARM.Collect$$rtentry$$00000002)
    .ARM.Collect$$rtentry$$00000004          0x000000d0   Section        6  __rtentry4.o(.ARM.Collect$$rtentry$$00000004)
    .ARM.Collect$$rtentry$$00000009          0x000000d6   Section        0  __rtentry2.o(.ARM.Collect$$rtentry$$00000009)
    .ARM.Collect$$rtentry$$0000000A          0x000000d6   Section        4  __rtentry2.o(.ARM.Collect$$rtentry$$0000000A)
    .ARM.Collect$$rtentry$$0000000C          0x000000da   Section        0  __rtentry2.o(.ARM.Collect$$rtentry$$0000000C)
    .ARM.Collect$$rtentry$$0000000D          0x000000da   Section        8  __rtentry2.o(.ARM.Collect$$rtentry$$0000000D)
    .ARM.Collect$$rtexit$$00000000           0x000000e2   Section        2  rtexit.o(.ARM.Collect$$rtexit$$00000000)
    .ARM.Collect$$rtexit$$00000002           0x000000e4   Section        0  rtexit2.o(.ARM.Collect$$rtexit$$00000002)
    .ARM.Collect$$rtexit$$00000003           0x000000e4   Section        4  rtexit2.o(.ARM.Collect$$rtexit$$00000003)
    .ARM.Collect$$rtexit$$00000004           0x000000e8   Section        6  rtexit2.o(.ARM.Collect$$rtexit$$00000004)
    .text                                    0x000000f0   Section       64  startup_cmsdk_cm0.o(.text)
    .text                                    0x00000130   Section      346  aeabi_sdiv.o(.text)
    .text                                    0x0000028a   Section        0  heapauxi.o(.text)
    .text                                    0x00000290   Section        0  daddsub.o(.text)
    _dadd1                                   0x00000291   Thumb Code   290  daddsub.o(.text)
    _dsub1                                   0x000003b3   Thumb Code   470  daddsub.o(.text)
    .text                                    0x000005e8   Section        0  ddiv.o(.text)
    .text                                    0x00000a30   Section        0  dfixi.o(.text)
    .text                                    0x00000a9c   Section        0  dmul.o(.text)
    .text                                    0x00000ce4   Section        0  f2d.o(.text)
    .text                                    0x00000d38   Section        0  fdiv.o(.text)
    .text                                    0x00000e98   Section        0  fflti.o(.text)
    .text                                    0x00000ef6   Section       62  sys_stackheap_outer.o(.text)
    .text                                    0x00000f34   Section        0  exit.o(.text)
    .text                                    0x00000f44   Section        8  libspace.o(.text)
    .text                                    0x00000f4c   Section        0  sys_exit.o(.text)
    .text                                    0x00000f58   Section        2  use_no_semi.o(.text)
    .text                                    0x00000f5a   Section        0  indicate_semi.o(.text)
    i.Delay                                  0x00000f5a   Section        0  code_def.o(i.Delay)
    i.Draw_pic                               0x00000f6c   Section        0  lcd.o(i.Draw_pic)
    i.ENET_TX_EN                             0x00000f94   Section        0  ethernet.o(i.ENET_TX_EN)
    i.I2C_Sent                               0x00000fa0   Section        0  i2c.o(i.I2C_Sent)
    i.KEY                                    0x00000fb8   Section        0  main.o(i.KEY)
    i.LCD_clear                              0x000015e0   Section        0  lcd.o(i.LCD_clear)
    i.LCD_init                               0x00001618   Section        0  lcd.o(i.LCD_init)
    i.LEDWATER                               0x00001624   Section        0  ledwater.o(i.LEDWATER)
    i.MSI001_Frequency_calc                  0x00001630   Section        0  spi.o(i.MSI001_Frequency_calc)
    i.QN8027_Frequency_calc                  0x000016c8   Section        0  i2c.o(i.QN8027_Frequency_calc)
    i.SPI_Sent                               0x00001774   Section        0  spi.o(i.SPI_Sent)
    i.Timer_IRQ                              0x000017a0   Section        0  main.o(i.Timer_IRQ)
    i.TubeShow                               0x000017a4   Section        0  tube.o(i.TubeShow)
    i.UARTRX_IRQ                             0x000017f4   Section        0  main.o(i.UARTRX_IRQ)
    i.__ARM_common_switch8                   0x000017f6   Section        0  main.o(i.__ARM_common_switch8)
    i.draw_homepage                          0x00001814   Section        0  main.o(i.draw_homepage)
    i.draw_page1                             0x00001cac   Section        0  main.o(i.draw_page1)
    i.draw_page2                             0x000020a8   Section        0  main.o(i.draw_page2)
    i.draw_page3_result                      0x00002194   Section        0  main.o(i.draw_page3_result)
    i.draw_page3_search                      0x00002c20   Section        0  main.o(i.draw_page3_search)
    i.draw_page3_zero                        0x00002cc4   Section        0  main.o(i.draw_page3_zero)
    i.draw_page4                             0x00002cf8   Section        0  main.o(i.draw_page4)
    i.draw_page5                             0x000030f4   Section        0  main.o(i.draw_page5)
    i.draw_page6                             0x000032e4   Section        0  main.o(i.draw_page6)
    i.main                                   0x000034d8   Section        0  main.o(i.main)
    x$fpl$fadd                               0x000038a0   Section      140  faddsub.o(x$fpl$fadd)
    _fadd1                                   0x000038ad   Thumb Code     0  faddsub.o(x$fpl$fadd)
    x$fpl$fmul                               0x0000392c   Section      176  fmul.o(x$fpl$fmul)
    x$fpl$fsub                               0x000039dc   Section      208  faddsub.o(x$fpl$fsub)
    _fsub1                                   0x000039e9   Thumb Code     0  faddsub.o(x$fpl$fsub)
    .constdata                               0x00003aac   Section    13792  main.o(.constdata)
    x$fpl$usenofp                            0x00003aac   Section        0  usenofp.o(x$fpl$usenofp)
    black                                    0x00003aac   Data         800  main.o(.constdata)
    box                                      0x00003dcc   Data         800  main.o(.constdata)
    wall                                     0x000040ec   Data         800  main.o(.constdata)
    tank01                                   0x0000440c   Data         512  main.o(.constdata)
    tank02                                   0x0000460c   Data         512  main.o(.constdata)
    .constdata                               0x0000708c   Section      288  lcd.o(.constdata)
    .constdata                               0x000071ac   Section      128  ddiv.o(.constdata)
    ddiv_reciptbl                            0x000071ac   Data         128  ddiv.o(.constdata)
    .constdata                               0x0000722c   Section       64  fdiv.o(.constdata)
    fdiv_tab                                 0x0000722c   Data          64  fdiv.o(.constdata)
    .data                                    0x20000000   Section       56  main.o(.data)
    ObjectMemSize                            0x20000000   Data           1  main.o(.data)
    MemTabCursor                             0x20000004   Data           4  main.o(.data)
    .bss                                     0x20000038   Section      420  main.o(.bss)
    MemTab                                   0x20000038   Data         180  main.o(.bss)
    AssetTab                                 0x200000ec   Data          28  main.o(.bss)
    .bss                                     0x200001dc   Section       96  libspace.o(.bss)
    HEAP                                     0x20000240   Section     1024  startup_cmsdk_cm0.o(HEAP)
    Heap_Mem                                 0x20000240   Data        1024  startup_cmsdk_cm0.o(HEAP)
    STACK                                    0x20000640   Section     1024  startup_cmsdk_cm0.o(STACK)
    Stack_Mem                                0x20000640   Data        1024  startup_cmsdk_cm0.o(STACK)
    __initial_sp                             0x20000a40   Data           0  startup_cmsdk_cm0.o(STACK)

    Global Symbols

    Symbol Name                              Value     Ov Type        Size  Object(Section)

    BuildAttributes$$THM_ISAv3M$S$PE$A:L22$X:L11$S22$IEEE1$IW$USESV6$~STKCKD$USESV7$~SHL$OSPACE$ROPI$EBA8$UX$STANDARDLIB$REQ8$PRES8$EABIv2 0x00000000   Number         0  anon$$obj.o ABSOLUTE
    __ARM_use_no_argv                        0x00000000   Number         0  main.o ABSOLUTE
    __Vectors                                0x00000000   Data           4  startup_cmsdk_cm0.o(RESET)
    __ARM_exceptions_init                     - Undefined Weak Reference
    __alloca_initialize                       - Undefined Weak Reference
    __arm_preinit_                            - Undefined Weak Reference
    __cpp_initialize__aeabi_                  - Undefined Weak Reference
    __cxa_finalize                            - Undefined Weak Reference
    __rt_locale                               - Undefined Weak Reference
    __sigvec_lookup                           - Undefined Weak Reference
    _atexit_init                              - Undefined Weak Reference
    _call_atexit_fns                          - Undefined Weak Reference
    _clock_init                               - Undefined Weak Reference
    _fp_trap_init                             - Undefined Weak Reference
    _fp_trap_shutdown                         - Undefined Weak Reference
    _get_lc_collate                           - Undefined Weak Reference
    _get_lc_ctype                             - Undefined Weak Reference
    _get_lc_monetary                          - Undefined Weak Reference
    _get_lc_numeric                           - Undefined Weak Reference
    _get_lc_time                              - Undefined Weak Reference
    _getenv_init                              - Undefined Weak Reference
    _handle_redirection                       - Undefined Weak Reference
    _init_alloc                               - Undefined Weak Reference
    _init_user_alloc                          - Undefined Weak Reference
    _initio                                   - Undefined Weak Reference
    _rand_init                                - Undefined Weak Reference
    _signal_finish                            - Undefined Weak Reference
    _signal_init                              - Undefined Weak Reference
    _terminate_alloc                          - Undefined Weak Reference
    _terminate_user_alloc                     - Undefined Weak Reference
    _terminateio                              - Undefined Weak Reference
    __main                                   0x0000004d   Thumb Code     8  __main.o(!!!main)
    __scatterload                            0x00000055   Thumb Code     0  __scatter.o(!!!scatter)
    __scatterload_rt2                        0x00000055   Thumb Code    52  __scatter.o(!!!scatter)
    __scatterload_rt2_thumb_only             0x00000055   Thumb Code     0  __scatter.o(!!!scatter)
    __scatterload_null                       0x00000065   Thumb Code     0  __scatter.o(!!!scatter)
    __scatterload_copy                       0x00000091   Thumb Code    26  __scatter_copy.o(!!handler_copy)
    __scatterload_zeroinit                   0x000000ad   Thumb Code    28  __scatter_zi.o(!!handler_zi)
    __rt_lib_init                            0x000000c9   Thumb Code     0  libinit.o(.ARM.Collect$$libinit$$00000000)
    __rt_lib_init_alloca_1                   0x000000cb   Thumb Code     0  libinit2.o(.ARM.Collect$$libinit$$0000002E)
    __rt_lib_init_argv_1                     0x000000cb   Thumb Code     0  libinit2.o(.ARM.Collect$$libinit$$0000002C)
    __rt_lib_init_atexit_1                   0x000000cb   Thumb Code     0  libinit2.o(.ARM.Collect$$libinit$$0000001B)
    __rt_lib_init_clock_1                    0x000000cb   Thumb Code     0  libinit2.o(.ARM.Collect$$libinit$$00000021)
    __rt_lib_init_cpp_1                      0x000000cb   Thumb Code     0  libinit2.o(.ARM.Collect$$libinit$$00000032)
    __rt_lib_init_exceptions_1               0x000000cb   Thumb Code     0  libinit2.o(.ARM.Collect$$libinit$$00000030)
    __rt_lib_init_fp_1                       0x000000cb   Thumb Code     0  libinit2.o(.ARM.Collect$$libinit$$00000002)
    __rt_lib_init_fp_trap_1                  0x000000cb   Thumb Code     0  libinit2.o(.ARM.Collect$$libinit$$0000001F)
    __rt_lib_init_getenv_1                   0x000000cb   Thumb Code     0  libinit2.o(.ARM.Collect$$libinit$$00000023)
    __rt_lib_init_heap_1                     0x000000cb   Thumb Code     0  libinit2.o(.ARM.Collect$$libinit$$0000000A)
    __rt_lib_init_lc_collate_1               0x000000cb   Thumb Code     0  libinit2.o(.ARM.Collect$$libinit$$00000011)
    __rt_lib_init_lc_ctype_1                 0x000000cb   Thumb Code     0  libinit2.o(.ARM.Collect$$libinit$$00000013)
    __rt_lib_init_lc_monetary_1              0x000000cb   Thumb Code     0  libinit2.o(.ARM.Collect$$libinit$$00000015)
    __rt_lib_init_lc_numeric_1               0x000000cb   Thumb Code     0  libinit2.o(.ARM.Collect$$libinit$$00000017)
    __rt_lib_init_lc_time_1                  0x000000cb   Thumb Code     0  libinit2.o(.ARM.Collect$$libinit$$00000019)
    __rt_lib_init_preinit_1                  0x000000cb   Thumb Code     0  libinit2.o(.ARM.Collect$$libinit$$00000004)
    __rt_lib_init_rand_1                     0x000000cb   Thumb Code     0  libinit2.o(.ARM.Collect$$libinit$$0000000E)
    __rt_lib_init_return                     0x000000cb   Thumb Code     0  libinit2.o(.ARM.Collect$$libinit$$00000033)
    __rt_lib_init_signal_1                   0x000000cb   Thumb Code     0  libinit2.o(.ARM.Collect$$libinit$$0000001D)
    __rt_lib_init_stdio_1                    0x000000cb   Thumb Code     0  libinit2.o(.ARM.Collect$$libinit$$00000025)
    __rt_lib_init_user_alloc_1               0x000000cb   Thumb Code     0  libinit2.o(.ARM.Collect$$libinit$$0000000C)
    __rt_lib_shutdown                        0x000000cd   Thumb Code     0  libshutdown.o(.ARM.Collect$$libshutdown$$00000000)
    __rt_lib_shutdown_cpp_1                  0x000000cf   Thumb Code     0  libshutdown2.o(.ARM.Collect$$libshutdown$$00000002)
    __rt_lib_shutdown_fp_trap_1              0x000000cf   Thumb Code     0  libshutdown2.o(.ARM.Collect$$libshutdown$$00000007)
    __rt_lib_shutdown_heap_1                 0x000000cf   Thumb Code     0  libshutdown2.o(.ARM.Collect$$libshutdown$$0000000F)
    __rt_lib_shutdown_return                 0x000000cf   Thumb Code     0  libshutdown2.o(.ARM.Collect$$libshutdown$$00000010)
    __rt_lib_shutdown_signal_1               0x000000cf   Thumb Code     0  libshutdown2.o(.ARM.Collect$$libshutdown$$0000000A)
    __rt_lib_shutdown_stdio_1                0x000000cf   Thumb Code     0  libshutdown2.o(.ARM.Collect$$libshutdown$$00000004)
    __rt_lib_shutdown_user_alloc_1           0x000000cf   Thumb Code     0  libshutdown2.o(.ARM.Collect$$libshutdown$$0000000C)
    __rt_entry                               0x000000d1   Thumb Code     0  __rtentry.o(.ARM.Collect$$rtentry$$00000000)
    __rt_entry_presh_1                       0x000000d1   Thumb Code     0  __rtentry2.o(.ARM.Collect$$rtentry$$00000002)
    __rt_entry_sh                            0x000000d1   Thumb Code     0  __rtentry4.o(.ARM.Collect$$rtentry$$00000004)
    __rt_entry_li                            0x000000d7   Thumb Code     0  __rtentry2.o(.ARM.Collect$$rtentry$$0000000A)
    __rt_entry_postsh_1                      0x000000d7   Thumb Code     0  __rtentry2.o(.ARM.Collect$$rtentry$$00000009)
    __rt_entry_main                          0x000000db   Thumb Code     0  __rtentry2.o(.ARM.Collect$$rtentry$$0000000D)
    __rt_entry_postli_1                      0x000000db   Thumb Code     0  __rtentry2.o(.ARM.Collect$$rtentry$$0000000C)
    __rt_exit                                0x000000e3   Thumb Code     0  rtexit.o(.ARM.Collect$$rtexit$$00000000)
    __rt_exit_ls                             0x000000e5   Thumb Code     0  rtexit2.o(.ARM.Collect$$rtexit$$00000003)
    __rt_exit_prels_1                        0x000000e5   Thumb Code     0  rtexit2.o(.ARM.Collect$$rtexit$$00000002)
    __rt_exit_exit                           0x000000e9   Thumb Code     0  rtexit2.o(.ARM.Collect$$rtexit$$00000004)
    Reset_Handler                            0x000000f1   Thumb Code     8  startup_cmsdk_cm0.o(.text)
    KEY_Handler                              0x000000f9   Thumb Code     8  startup_cmsdk_cm0.o(.text)
    Timer_Handler                            0x00000101   Thumb Code     8  startup_cmsdk_cm0.o(.text)
    UARTRX_Handler                           0x00000109   Thumb Code     8  startup_cmsdk_cm0.o(.text)
    __user_initial_stackheap                 0x00000111   Thumb Code     0  startup_cmsdk_cm0.o(.text)
    __aeabi_uidiv                            0x00000131   Thumb Code     0  aeabi_sdiv.o(.text)
    __aeabi_uidivmod                         0x00000131   Thumb Code    20  aeabi_sdiv.o(.text)
    __aeabi_idiv                             0x00000145   Thumb Code     0  aeabi_sdiv.o(.text)
    __aeabi_idivmod                          0x00000145   Thumb Code   326  aeabi_sdiv.o(.text)
    __use_two_region_memory                  0x0000028b   Thumb Code     2  heapauxi.o(.text)
    __rt_heap_escrow$2region                 0x0000028d   Thumb Code     2  heapauxi.o(.text)
    __rt_heap_expand$2region                 0x0000028f   Thumb Code     2  heapauxi.o(.text)
    __aeabi_dadd                             0x00000589   Thumb Code     0  daddsub.o(.text)
    _dadd                                    0x00000589   Thumb Code    26  daddsub.o(.text)
    __aeabi_dsub                             0x000005a3   Thumb Code     0  daddsub.o(.text)
    _dsub                                    0x000005a3   Thumb Code    22  daddsub.o(.text)
    __aeabi_drsub                            0x000005b9   Thumb Code     0  daddsub.o(.text)
    _drsb                                    0x000005b9   Thumb Code    28  daddsub.o(.text)
    __aeabi_ddiv                             0x000005e9   Thumb Code     0  ddiv.o(.text)
    _ddiv                                    0x000005e9   Thumb Code  1072  ddiv.o(.text)
    _drdiv                                   0x00000a19   Thumb Code    20  ddiv.o(.text)
    __aeabi_d2iz                             0x00000a31   Thumb Code     0  dfixi.o(.text)
    _dfix                                    0x00000a31   Thumb Code    98  dfixi.o(.text)
    __aeabi_dmul                             0x00000a9d   Thumb Code     0  dmul.o(.text)
    _dmul                                    0x00000a9d   Thumb Code   558  dmul.o(.text)
    __aeabi_f2d                              0x00000ce5   Thumb Code     0  f2d.o(.text)
    _f2d                                     0x00000ce5   Thumb Code    80  f2d.o(.text)
    __aeabi_fdiv                             0x00000d39   Thumb Code     0  fdiv.o(.text)
    _fdiv                                    0x00000d39   Thumb Code   334  fdiv.o(.text)
    _frdiv                                   0x00000e87   Thumb Code     8  fdiv.o(.text)
    __aeabi_i2f_normalise                    0x00000e99   Thumb Code    72  fflti.o(.text)
    __aeabi_i2f                              0x00000ee1   Thumb Code    16  fflti.o(.text)
    _fflt                                    0x00000ee1   Thumb Code     0  fflti.o(.text)
    __aeabi_ui2f                             0x00000ef1   Thumb Code     6  fflti.o(.text)
    _ffltu                                   0x00000ef1   Thumb Code     0  fflti.o(.text)
    __user_setup_stackheap                   0x00000ef7   Thumb Code    62  sys_stackheap_outer.o(.text)
    exit                                     0x00000f35   Thumb Code    16  exit.o(.text)
    __user_libspace                          0x00000f45   Thumb Code     8  libspace.o(.text)
    __user_perproc_libspace                  0x00000f45   Thumb Code     0  libspace.o(.text)
    __user_perthread_libspace                0x00000f45   Thumb Code     0  libspace.o(.text)
    _sys_exit                                0x00000f4d   Thumb Code     8  sys_exit.o(.text)
    __I$use$semihosting                      0x00000f59   Thumb Code     0  use_no_semi.o(.text)
    __use_no_semihosting_swi                 0x00000f59   Thumb Code     2  use_no_semi.o(.text)
    Delay                                    0x00000f5b   Thumb Code    18  code_def.o(i.Delay)
    __semihosting_library_function           0x00000f5b   Thumb Code     0  indicate_semi.o(.text)
    Draw_pic                                 0x00000f6d   Thumb Code    40  lcd.o(i.Draw_pic)
    ENET_TX_EN                               0x00000f95   Thumb Code     6  ethernet.o(i.ENET_TX_EN)
    I2C_Sent                                 0x00000fa1   Thumb Code    16  i2c.o(i.I2C_Sent)
    KEY                                      0x00000fb9   Thumb Code  1506  main.o(i.KEY)
    LCD_clear                                0x000015e1   Thumb Code    50  lcd.o(i.LCD_clear)
    LCD_init                                 0x00001619   Thumb Code    12  lcd.o(i.LCD_init)
    LEDWATER                                 0x00001625   Thumb Code     6  ledwater.o(i.LEDWATER)
    MSI001_Frequency_calc                    0x00001631   Thumb Code   130  spi.o(i.MSI001_Frequency_calc)
    QN8027_Frequency_calc                    0x000016c9   Thumb Code   150  i2c.o(i.QN8027_Frequency_calc)
    SPI_Sent                                 0x00001775   Thumb Code    40  spi.o(i.SPI_Sent)
    Timer_IRQ                                0x000017a1   Thumb Code     2  main.o(i.Timer_IRQ)
    TubeShow                                 0x000017a5   Thumb Code    74  tube.o(i.TubeShow)
    UARTRX_IRQ                               0x000017f5   Thumb Code     2  main.o(i.UARTRX_IRQ)
    __ARM_common_switch8                     0x000017f7   Thumb Code    28  main.o(i.__ARM_common_switch8)
    draw_homepage                            0x00001815   Thumb Code  1166  main.o(i.draw_homepage)
    draw_page1                               0x00001cad   Thumb Code   914  main.o(i.draw_page1)
    draw_page2                               0x000020a9   Thumb Code   182  main.o(i.draw_page2)
    draw_page3_result                        0x00002195   Thumb Code  2660  main.o(i.draw_page3_result)
    draw_page3_search                        0x00002c21   Thumb Code   122  main.o(i.draw_page3_search)
    draw_page3_zero                          0x00002cc5   Thumb Code    48  main.o(i.draw_page3_zero)
    draw_page4                               0x00002cf9   Thumb Code   914  main.o(i.draw_page4)
    draw_page5                               0x000030f5   Thumb Code   434  main.o(i.draw_page5)
    draw_page6                               0x000032e5   Thumb Code   434  main.o(i.draw_page6)
    main                                     0x000034d9   Thumb Code   878  main.o(i.main)
    __aeabi_fadd                             0x000038a1   Thumb Code     0  faddsub.o(x$fpl$fadd)
    _fadd                                    0x000038a1   Thumb Code   134  faddsub.o(x$fpl$fadd)
    __aeabi_fmul                             0x0000392d   Thumb Code     0  fmul.o(x$fpl$fmul)
    _fmul                                    0x0000392d   Thumb Code   172  fmul.o(x$fpl$fmul)
    __aeabi_fsub                             0x000039dd   Thumb Code     0  faddsub.o(x$fpl$fsub)
    _fsub                                    0x000039dd   Thumb Code   204  faddsub.o(x$fpl$fsub)
    __I$use$fp                               0x00003aac   Number         0  usenofp.o(x$fpl$usenofp)
    letter_A                                 0x0000480c   Data         288  main.o(.constdata)
    letter_B                                 0x0000492c   Data         288  main.o(.constdata)
    letter_C                                 0x00004a4c   Data         288  main.o(.constdata)
    letter_D                                 0x00004b6c   Data         288  main.o(.constdata)
    letter_E                                 0x00004c8c   Data         288  main.o(.constdata)
    letter_F                                 0x00004dac   Data         288  main.o(.constdata)
    letter_G                                 0x00004ecc   Data         288  main.o(.constdata)
    letter_H                                 0x00004fec   Data         288  main.o(.constdata)
    letter_I                                 0x0000510c   Data         288  main.o(.constdata)
    letter_J                                 0x0000522c   Data         288  main.o(.constdata)
    letter_K                                 0x0000534c   Data         288  main.o(.constdata)
    letter_L                                 0x0000546c   Data         288  main.o(.constdata)
    letter_M                                 0x0000558c   Data         288  main.o(.constdata)
    letter_N                                 0x000056ac   Data         288  main.o(.constdata)
    letter_O                                 0x000057cc   Data         288  main.o(.constdata)
    letter_P                                 0x000058ec   Data         288  main.o(.constdata)
    letter_Q                                 0x00005a0c   Data         288  main.o(.constdata)
    letter_R                                 0x00005b2c   Data         288  main.o(.constdata)
    letter_S                                 0x00005c4c   Data         288  main.o(.constdata)
    letter_T                                 0x00005d6c   Data         288  main.o(.constdata)
    letter_U                                 0x00005e8c   Data         288  main.o(.constdata)
    letter_V                                 0x00005fac   Data         288  main.o(.constdata)
    letter_W                                 0x000060cc   Data         288  main.o(.constdata)
    letter_X                                 0x000061ec   Data         288  main.o(.constdata)
    letter_Y                                 0x0000630c   Data         288  main.o(.constdata)
    letter_Z                                 0x0000642c   Data         288  main.o(.constdata)
    letter_1                                 0x0000654c   Data         288  main.o(.constdata)
    letter_2                                 0x0000666c   Data         288  main.o(.constdata)
    letter_3                                 0x0000678c   Data         288  main.o(.constdata)
    letter_4                                 0x000068ac   Data         288  main.o(.constdata)
    letter_5                                 0x000069cc   Data         288  main.o(.constdata)
    letter_6                                 0x00006aec   Data         288  main.o(.constdata)
    letter_7                                 0x00006c0c   Data         288  main.o(.constdata)
    letter_8                                 0x00006d2c   Data         288  main.o(.constdata)
    letter_9                                 0x00006e4c   Data         288  main.o(.constdata)
    letter_0                                 0x00006f6c   Data         288  main.o(.constdata)
    clear                                    0x0000708c   Data         288  lcd.o(.constdata)
    Region$$Table$$Base                      0x0000726c   Number         0  anon$$obj.o(Region$$Table)
    Region$$Table$$Limit                     0x0000728c   Number         0  anon$$obj.o(Region$$Table)
    Fin_001                                  0x20000008   Data           4  main.o(.data)
    vol                                      0x2000000c   Data           4  main.o(.data)
    Fin_8027                                 0x20000010   Data           4  main.o(.data)
    Pout_8027                                0x20000014   Data           4  main.o(.data)
    Foffset_8027                             0x20000018   Data           4  main.o(.data)
    SNR_all                                  0x2000001c   Data           4  main.o(.data)
    cnt                                      0x20000020   Data           2  main.o(.data)
    mode                                     0x20000022   Data           2  main.o(.data)
    search_flag                              0x20000024   Data           2  main.o(.data)
    search_finish                            0x20000026   Data           2  main.o(.data)
    SNR_now                                  0x20000028   Data           4  main.o(.data)
    RSSI_now                                 0x2000002c   Data           4  main.o(.data)
    station_now                              0x20000030   Data           4  main.o(.data)
    search_number                            0x20000034   Data           4  main.o(.data)
    fst_8027                                 0x20000108   Data          12  main.o(.bss)
    search_result                            0x20000114   Data         200  main.o(.bss)
    __libspace_start                         0x200001dc   Data          96  libspace.o(.bss)
    __temporary_stack_top$libspace           0x2000023c   Data           0  libspace.o(.bss)



==============================================================================

Memory Map of the image

  Image entry point : Not specified.

  Load Region LR_IROM1 (Base: 0x00000000, Size: 0x000072c4, Max: 0x00008000, ABSOLUTE)

    Execution Region ER_IROM1 (Exec base: 0x00000000, Load base: 0x00000000, Size: 0x0000728c, Max: 0x00008000, ABSOLUTE)

    Exec Addr    Load Addr    Size         Type   Attr      Idx    E Section Name        Object

    0x00000000   0x00000000   0x0000004c   Data   RO          147    RESET               startup_cmsdk_cm0.o
    0x0000004c   0x0000004c   0x00000008   Code   RO          416  * !!!main             c_p.l(__main.o)
    0x00000054   0x00000054   0x0000003c   Code   RO          610    !!!scatter          c_p.l(__scatter.o)
    0x00000090   0x00000090   0x0000001a   Code   RO          612    !!handler_copy      c_p.l(__scatter_copy.o)
    0x000000aa   0x000000aa   0x00000002   PAD
    0x000000ac   0x000000ac   0x0000001c   Code   RO          614    !!handler_zi        c_p.l(__scatter_zi.o)
    0x000000c8   0x000000c8   0x00000002   Code   RO          479    .ARM.Collect$$libinit$$00000000  c_p.l(libinit.o)
    0x000000ca   0x000000ca   0x00000000   Code   RO          493    .ARM.Collect$$libinit$$00000002  c_p.l(libinit2.o)
    0x000000ca   0x000000ca   0x00000000   Code   RO          495    .ARM.Collect$$libinit$$00000004  c_p.l(libinit2.o)
    0x000000ca   0x000000ca   0x00000000   Code   RO          498    .ARM.Collect$$libinit$$0000000A  c_p.l(libinit2.o)
    0x000000ca   0x000000ca   0x00000000   Code   RO          500    .ARM.Collect$$libinit$$0000000C  c_p.l(libinit2.o)
    0x000000ca   0x000000ca   0x00000000   Code   RO          502    .ARM.Collect$$libinit$$0000000E  c_p.l(libinit2.o)
    0x000000ca   0x000000ca   0x00000000   Code   RO          505    .ARM.Collect$$libinit$$00000011  c_p.l(libinit2.o)
    0x000000ca   0x000000ca   0x00000000   Code   RO          507    .ARM.Collect$$libinit$$00000013  c_p.l(libinit2.o)
    0x000000ca   0x000000ca   0x00000000   Code   RO          509    .ARM.Collect$$libinit$$00000015  c_p.l(libinit2.o)
    0x000000ca   0x000000ca   0x00000000   Code   RO          511    .ARM.Collect$$libinit$$00000017  c_p.l(libinit2.o)
    0x000000ca   0x000000ca   0x00000000   Code   RO          513    .ARM.Collect$$libinit$$00000019  c_p.l(libinit2.o)
    0x000000ca   0x000000ca   0x00000000   Code   RO          515    .ARM.Collect$$libinit$$0000001B  c_p.l(libinit2.o)
    0x000000ca   0x000000ca   0x00000000   Code   RO          517    .ARM.Collect$$libinit$$0000001D  c_p.l(libinit2.o)
    0x000000ca   0x000000ca   0x00000000   Code   RO          519    .ARM.Collect$$libinit$$0000001F  c_p.l(libinit2.o)
    0x000000ca   0x000000ca   0x00000000   Code   RO          521    .ARM.Collect$$libinit$$00000021  c_p.l(libinit2.o)
    0x000000ca   0x000000ca   0x00000000   Code   RO          523    .ARM.Collect$$libinit$$00000023  c_p.l(libinit2.o)
    0x000000ca   0x000000ca   0x00000000   Code   RO          525    .ARM.Collect$$libinit$$00000025  c_p.l(libinit2.o)
    0x000000ca   0x000000ca   0x00000000   Code   RO          529    .ARM.Collect$$libinit$$0000002C  c_p.l(libinit2.o)
    0x000000ca   0x000000ca   0x00000000   Code   RO          531    .ARM.Collect$$libinit$$0000002E  c_p.l(libinit2.o)
    0x000000ca   0x000000ca   0x00000000   Code   RO          533    .ARM.Collect$$libinit$$00000030  c_p.l(libinit2.o)
    0x000000ca   0x000000ca   0x00000000   Code   RO          535    .ARM.Collect$$libinit$$00000032  c_p.l(libinit2.o)
    0x000000ca   0x000000ca   0x00000002   Code   RO          536    .ARM.Collect$$libinit$$00000033  c_p.l(libinit2.o)
    0x000000cc   0x000000cc   0x00000002   Code   RO          567    .ARM.Collect$$libshutdown$$00000000  c_p.l(libshutdown.o)
    0x000000ce   0x000000ce   0x00000000   Code   RO          593    .ARM.Collect$$libshutdown$$00000002  c_p.l(libshutdown2.o)
    0x000000ce   0x000000ce   0x00000000   Code   RO          595    .ARM.Collect$$libshutdown$$00000004  c_p.l(libshutdown2.o)
    0x000000ce   0x000000ce   0x00000000   Code   RO          598    .ARM.Collect$$libshutdown$$00000007  c_p.l(libshutdown2.o)
    0x000000ce   0x000000ce   0x00000000   Code   RO          601    .ARM.Collect$$libshutdown$$0000000A  c_p.l(libshutdown2.o)
    0x000000ce   0x000000ce   0x00000000   Code   RO          603    .ARM.Collect$$libshutdown$$0000000C  c_p.l(libshutdown2.o)
    0x000000ce   0x000000ce   0x00000000   Code   RO          606    .ARM.Collect$$libshutdown$$0000000F  c_p.l(libshutdown2.o)
    0x000000ce   0x000000ce   0x00000002   Code   RO          607    .ARM.Collect$$libshutdown$$00000010  c_p.l(libshutdown2.o)
    0x000000d0   0x000000d0   0x00000000   Code   RO          442    .ARM.Collect$$rtentry$$00000000  c_p.l(__rtentry.o)
    0x000000d0   0x000000d0   0x00000000   Code   RO          449    .ARM.Collect$$rtentry$$00000002  c_p.l(__rtentry2.o)
    0x000000d0   0x000000d0   0x00000006   Code   RO          461    .ARM.Collect$$rtentry$$00000004  c_p.l(__rtentry4.o)
    0x000000d6   0x000000d6   0x00000000   Code   RO          451    .ARM.Collect$$rtentry$$00000009  c_p.l(__rtentry2.o)
    0x000000d6   0x000000d6   0x00000004   Code   RO          452    .ARM.Collect$$rtentry$$0000000A  c_p.l(__rtentry2.o)
    0x000000da   0x000000da   0x00000000   Code   RO          454    .ARM.Collect$$rtentry$$0000000C  c_p.l(__rtentry2.o)
    0x000000da   0x000000da   0x00000008   Code   RO          455    .ARM.Collect$$rtentry$$0000000D  c_p.l(__rtentry2.o)
    0x000000e2   0x000000e2   0x00000002   Code   RO          484    .ARM.Collect$$rtexit$$00000000  c_p.l(rtexit.o)
    0x000000e4   0x000000e4   0x00000000   Code   RO          540    .ARM.Collect$$rtexit$$00000002  c_p.l(rtexit2.o)
    0x000000e4   0x000000e4   0x00000004   Code   RO          541    .ARM.Collect$$rtexit$$00000003  c_p.l(rtexit2.o)
    0x000000e8   0x000000e8   0x00000006   Code   RO          542    .ARM.Collect$$rtexit$$00000004  c_p.l(rtexit2.o)
    0x000000ee   0x000000ee   0x00000002   PAD
    0x000000f0   0x000000f0   0x00000040   Code   RO          148  * .text               startup_cmsdk_cm0.o
    0x00000130   0x00000130   0x0000015a   Code   RO          410    .text               c_p.l(aeabi_sdiv.o)
    0x0000028a   0x0000028a   0x00000006   Code   RO          414    .text               c_p.l(heapauxi.o)
    0x00000290   0x00000290   0x00000358   Code   RO          418    .text               fz_ps.l(daddsub.o)
    0x000005e8   0x000005e8   0x00000448   Code   RO          420    .text               fz_ps.l(ddiv.o)
    0x00000a30   0x00000a30   0x0000006c   Code   RO          423    .text               fz_ps.l(dfixi.o)
    0x00000a9c   0x00000a9c   0x00000248   Code   RO          425    .text               fz_ps.l(dmul.o)
    0x00000ce4   0x00000ce4   0x00000054   Code   RO          427    .text               fz_ps.l(f2d.o)
    0x00000d38   0x00000d38   0x00000160   Code   RO          435    .text               fz_ps.l(fdiv.o)
    0x00000e98   0x00000e98   0x0000005e   Code   RO          438    .text               fz_ps.l(fflti.o)
    0x00000ef6   0x00000ef6   0x0000003e   Code   RO          465    .text               c_p.l(sys_stackheap_outer.o)
    0x00000f34   0x00000f34   0x00000010   Code   RO          468    .text               c_p.l(exit.o)
    0x00000f44   0x00000f44   0x00000008   Code   RO          480    .text               c_p.l(libspace.o)
    0x00000f4c   0x00000f4c   0x0000000c   Code   RO          537    .text               c_p.l(sys_exit.o)
    0x00000f58   0x00000f58   0x00000002   Code   RO          556    .text               c_p.l(use_no_semi.o)
    0x00000f5a   0x00000f5a   0x00000000   Code   RO          558    .text               c_p.l(indicate_semi.o)
    0x00000f5a   0x00000f5a   0x00000012   Code   RO          192    i.Delay             code_def.o
    0x00000f6c   0x00000f6c   0x00000028   Code   RO          207    i.Draw_pic          lcd.o
    0x00000f94   0x00000f94   0x0000000c   Code   RO          378    i.ENET_TX_EN        ethernet.o
    0x00000fa0   0x00000fa0   0x00000018   Code   RO          357    i.I2C_Sent          i2c.o
    0x00000fb8   0x00000fb8   0x00000628   Code   RO            1    i.KEY               main.o
    0x000015e0   0x000015e0   0x00000038   Code   RO          208    i.LCD_clear         lcd.o
    0x00001618   0x00001618   0x0000000c   Code   RO          209    i.LCD_init          lcd.o
    0x00001624   0x00001624   0x0000000c   Code   RO          393    i.LEDWATER          ledwater.o
    0x00001630   0x00001630   0x00000098   Code   RO          303    i.MSI001_Frequency_calc  spi.o
    0x000016c8   0x000016c8   0x000000ac   Code   RO          358    i.QN8027_Frequency_calc  i2c.o
    0x00001774   0x00001774   0x0000002c   Code   RO          304    i.SPI_Sent          spi.o
    0x000017a0   0x000017a0   0x00000002   Code   RO            2    i.Timer_IRQ         main.o
    0x000017a2   0x000017a2   0x00000002   PAD
    0x000017a4   0x000017a4   0x00000050   Code   RO          325    i.TubeShow          tube.o
    0x000017f4   0x000017f4   0x00000002   Code   RO            3    i.UARTRX_IRQ        main.o
    0x000017f6   0x000017f6   0x0000001c   Code   RO           88    i.__ARM_common_switch8  main.o
    0x00001812   0x00001812   0x00000002   PAD
    0x00001814   0x00001814   0x00000498   Code   RO            4    i.draw_homepage     main.o
    0x00001cac   0x00001cac   0x000003fc   Code   RO            5    i.draw_page1        main.o
    0x000020a8   0x000020a8   0x000000ec   Code   RO            6    i.draw_page2        main.o
    0x00002194   0x00002194   0x00000a8c   Code   RO            7    i.draw_page3_result  main.o
    0x00002c20   0x00002c20   0x000000a4   Code   RO            8    i.draw_page3_search  main.o
    0x00002cc4   0x00002cc4   0x00000034   Code   RO            9    i.draw_page3_zero   main.o
    0x00002cf8   0x00002cf8   0x000003fc   Code   RO           10    i.draw_page4        main.o
    0x000030f4   0x000030f4   0x000001f0   Code   RO           11    i.draw_page5        main.o
    0x000032e4   0x000032e4   0x000001f4   Code   RO           12    i.draw_page6        main.o
    0x000034d8   0x000034d8   0x000003c8   Code   RO           13    i.main              main.o
    0x000038a0   0x000038a0   0x0000008c   Code   RO          429    x$fpl$fadd          fz_ps.l(faddsub.o)
    0x0000392c   0x0000392c   0x000000b0   Code   RO          440    x$fpl$fmul          fz_ps.l(fmul.o)
    0x000039dc   0x000039dc   0x000000d0   Code   RO          431    x$fpl$fsub          fz_ps.l(faddsub.o)
    0x00003aac   0x00003aac   0x00000000   Code   RO          447    x$fpl$usenofp       fz_ps.l(usenofp.o)
    0x00003aac   0x00003aac   0x000035e0   Data   RO           15    .constdata          main.o
    0x0000708c   0x0000708c   0x00000120   Data   RO          210    .constdata          lcd.o
    0x000071ac   0x000071ac   0x00000080   Data   RO          421    .constdata          fz_ps.l(ddiv.o)
    0x0000722c   0x0000722c   0x00000040   Data   RO          436    .constdata          fz_ps.l(fdiv.o)
    0x0000726c   0x0000726c   0x00000020   Data   RO          608    Region$$Table       anon$$obj.o


    Execution Region RW_IRAM1 (Exec base: 0x20000000, Load base: 0x0000728c, Size: 0x00000a40, Max: 0x00006000, ABSOLUTE)

    Exec Addr    Load Addr    Size         Type   Attr      Idx    E Section Name        Object

    0x20000000   0x0000728c   0x00000038   Data   RW           16    .data               main.o
    0x20000038        -       0x000001a4   Zero   RW           14    .bss                main.o
    0x200001dc        -       0x00000060   Zero   RW          481    .bss                c_p.l(libspace.o)
    0x2000023c   0x000072c4   0x00000004   PAD
    0x20000240        -       0x00000400   Zero   RW          146    HEAP                startup_cmsdk_cm0.o
    0x20000640        -       0x00000400   Zero   RW          145    STACK               startup_cmsdk_cm0.o


==============================================================================

Image component sizes


      Code (inc. data)   RO Data    RW Data    ZI Data      Debug   Object Name

        18          0          0          0          0        440   code_def.o
        12          6          0          0          0        413   ethernet.o
       196         30          0          0          0       2103   i2c.o
       108          6        288          0          0       2130   lcd.o
        12          6          0          0          0        411   ledwater.o
      9940       1008      13792         56        420      19836   main.o
       196         26          0          0          0       2183   spi.o
        64         22         76          0       2048        496   startup_cmsdk_cm0.o
        80          6          0          0          0        591   tube.o

    ----------------------------------------------------------------------
     10630       1110      14188         56       2468      28603   Object Totals
         0          0         32          0          0          0   (incl. Generated)
         4          0          0          0          0          0   (incl. Padding)

    ----------------------------------------------------------------------

      Code (inc. data)   RO Data    RW Data    ZI Data      Debug   Library Member Name

         8          0          0          0          0         68   __main.o
         0          0          0          0          0          0   __rtentry.o
        12          0          0          0          0          0   __rtentry2.o
         6          0          0          0          0          0   __rtentry4.o
        60          8          0          0          0          0   __scatter.o
        26          0          0          0          0          0   __scatter_copy.o
        28          0          0          0          0          0   __scatter_zi.o
       346          0          0          0          0         92   aeabi_sdiv.o
        16          0          0          0          0         68   exit.o
         6          0          0          0          0        136   heapauxi.o
         0          0          0          0          0          0   indicate_semi.o
         2          0          0          0          0          0   libinit.o
         2          0          0          0          0          0   libinit2.o
         2          0          0          0          0          0   libshutdown.o
         2          0          0          0          0          0   libshutdown2.o
         8          4          0          0         96         68   libspace.o
         2          0          0          0          0          0   rtexit.o
        10          0          0          0          0          0   rtexit2.o
        12          4          0          0          0         60   sys_exit.o
        62          0          0          0          0         80   sys_stackheap_outer.o
         2          0          0          0          0         68   use_no_semi.o
       856         20          0          0          0        208   daddsub.o
      1096         26        128          0          0        112   ddiv.o
       108         10          0          0          0         72   dfixi.o
       584         26          0          0          0         84   dmul.o
        84          4          0          0          0         60   f2d.o
       348          8          0          0          0        160   faddsub.o
       352         10         64          0          0         92   fdiv.o
        94          0          0          0          0         92   fflti.o
       176          4          0          0          0         80   fmul.o
         0          0          0          0          0          0   usenofp.o

    ----------------------------------------------------------------------
      4314        124        192          0        100       1600   Library Totals
         4          0          0          0          4          0   (incl. Padding)

    ----------------------------------------------------------------------

      Code (inc. data)   RO Data    RW Data    ZI Data      Debug   Library Name

       612         16          0          0         96        640   c_p.l
      3698        108        192          0          0        960   fz_ps.l

    ----------------------------------------------------------------------
      4314        124        192          0        100       1600   Library Totals

    ----------------------------------------------------------------------

==============================================================================


      Code (inc. data)   RO Data    RW Data    ZI Data      Debug   

     14944       1234      14380         56       2568      28627   Grand Totals
     14944       1234      14380         56       2568      28627   ELF Image Totals
     14944       1234      14380         56          0          0   ROM Totals

==============================================================================

    Total RO  Size (Code + RO Data)                29324 (  28.64kB)
    Total RW  Size (RW Data + ZI Data)              2624 (   2.56kB)
    Total ROM Size (Code + RO Data + RW Data)      29380 (  28.69kB)

==============================================================================

